// Jest Snapshot v1, https://goo.gl/fbAQLP

exports[`<PrimaryButton> renders unchanged 1`] = `
@keyframes animation-0 {
  33% {
    -webkit-transform: scale(1);
    -ms-transform: scale(1);
    transform: scale(1);
  }

  66% {
    -webkit-transform: scale(0.8);
    -ms-transform: scale(0.8);
    transform: scale(0.8);
  }
}

.emotion-0 {
  -webkit-align-items: center;
  -webkit-box-align: center;
  -ms-flex-align: center;
  align-items: center;
  border: 1px solid #f1defa;
  border-radius: 4px;
  box-sizing: border-box;
  cursor: pointer;
  display: -webkit-inline-box;
  display: -webkit-inline-flex;
  display: -ms-inline-flexbox;
  display: inline-flex;
  font-family: Futura PT,-apple-system,BlinkMacSystemFont,Segoe UI,Roboto,Helvetica Neue,Arial,Noto Sans,sans-serif,Apple Color Emoji,Segoe UI Emoji,Segoe UI Symbol,Noto Color Emoji;
  -webkit-box-pack: center;
  -webkit-justify-content: center;
  -ms-flex-pack: center;
  justify-content: center;
  -webkit-transition: background 0.5s,border 0.5s,color 0.5s;
  transition: background 0.5s,border 0.5s,color 0.5s;
  line-height: 1;
  -webkit-text-decoration: none;
  text-decoration: none;
  font-size: 0.875rem;
  min-height: 1.6rem;
  padding: 0.3rem 0.5rem;
  background: transparent;
  color: #663399;
}

.emotion-0[disabled],
.emotion-0[disabled]:hover {
  cursor: not-allowed;
  opacity: 0.5;
}

.emotion-0 svg {
  -webkit-flex-shrink: 0;
  -ms-flex-negative: 0;
  flex-shrink: 0;
  margin: 0 0.25rem;
  -webkit-transform: scale(1);
  -ms-transform: scale(1);
  transform: scale(1);
}

.emotion-0 svg:last-child {
  margin-right: -0.25em;
}

.emotion-0 svg:first-child {
  margin-left: -0.30em;
}

.emotion-0:hover:not([disabled]) svg {
  -webkit-animation: animation-0 1s linear infinite;
  animation: animation-0 1s linear infinite;
}

.emotion-0:hover {
  border-color: #663399;
  color: #663399;
}

html:not([dir="rtl"]) .emotion-0 {
  border-top-left-radius: 0;
  border-bottom-left-radius: 0;
}

html[dir="rtl"] .emotion-0 {
  border-top-right-radius: 0;
  border-bottom-right-radius: 0;
}

<div>
  <button
    class="emotion-0"
    title="Copy to clipboard"
    type="button"
  >
    <span>
      Copy
    </span>
  </button>
</div>
`;
